// Jest Snapshot v1, https://goo.gl/fbAQLP

exports[`evaluate should evaluate 1`] = `
Array [
  42,
]
`;
